Archive member included to satisfy reference by file (symbol)

../test_bsp/\libhal_bsp.a(alt_iic.o)
                              obj/default/hello_world_small.o (alt_ic_isr_register)
../test_bsp/\libhal_bsp.a(alt_iic_isr_register.o)
                              ../test_bsp/\libhal_bsp.a(alt_iic.o) (alt_iic_isr_register)
../test_bsp/\libhal_bsp.a(alt_irq_entry.o)
                              ../test_bsp/\libhal_bsp.a(alt_iic_isr_register.o) (alt_irq_entry)
../test_bsp/\libhal_bsp.a(alt_irq_handler.o)
                              ../test_bsp/\libhal_bsp.a(alt_iic_isr_register.o) (alt_irq_handler)
../test_bsp/\libhal_bsp.a(alt_irq_vars.o)
                              ../test_bsp/\libhal_bsp.a(alt_iic.o) (alt_irq_active)
../test_bsp/\libhal_bsp.a(alt_load.o)
                              ../test_bsp//obj/HAL/src/crt0.o (alt_load)
../test_bsp/\libhal_bsp.a(alt_main.o)
                              ../test_bsp//obj/HAL/src/crt0.o (alt_main)
../test_bsp/\libhal_bsp.a(alt_sys_init.o)
                              ../test_bsp/\libhal_bsp.a(alt_main.o) (alt_irq_init)
../test_bsp/\libhal_bsp.a(alt_dcache_flush_all.o)
                              ../test_bsp/\libhal_bsp.a(alt_load.o) (alt_dcache_flush_all)
../test_bsp/\libhal_bsp.a(alt_exception_entry.o)
                              ../test_bsp/\libhal_bsp.a(alt_irq_entry.o) (alt_exception)
../test_bsp/\libhal_bsp.a(alt_icache_flush_all.o)
                              ../test_bsp/\libhal_bsp.a(alt_load.o) (alt_icache_flush_all)
../test_bsp/\libhal_bsp.a(alt_instruction_exception_entry.o)
                              ../test_bsp/\libhal_bsp.a(alt_exception_entry.o) (alt_instruction_exception_entry)
../test_bsp/\libhal_bsp.a(altera_nios2_gen2_irq.o)
                              ../test_bsp/\libhal_bsp.a(alt_sys_init.o) (altera_nios2_gen2_irq_init)

Allocating common symbols
Common symbol       size              file

alt_irq             0x100             ../test_bsp/\libhal_bsp.a(alt_irq_handler.o)

Memory Configuration

Name             Origin             Length             Attributes
RAM              0x0000000000000000 0x0000000000004000
reset            0x0000000000004000 0x0000000000000020
ROM              0x0000000000004020 0x0000000000000fe0
*default*        0x0000000000000000 0xffffffffffffffff

Linker script and memory map

LOAD ../test_bsp//obj/HAL/src/crt0.o
LOAD obj/default/hello_world_small.o
LOAD e:/basura/nios2eds/bin/gnu/h-x86_64-mingw32/bin/../lib/gcc/nios2-elf/5.3.0/../../../../../H-x86_64-mingw32/nios2-elf/lib/mno-hw-mul\libstdc++.a
LOAD e:/basura/nios2eds/bin/gnu/h-x86_64-mingw32/bin/../lib/gcc/nios2-elf/5.3.0/../../../../../H-x86_64-mingw32/nios2-elf/lib/mno-hw-mul\libm.a
LOAD e:/basura/nios2eds/bin/gnu/h-x86_64-mingw32/bin/../lib/gcc/nios2-elf/5.3.0/mno-hw-mul\libgcc.a
START GROUP
LOAD e:/basura/nios2eds/bin/gnu/h-x86_64-mingw32/bin/../lib/gcc/nios2-elf/5.3.0/../../../../../H-x86_64-mingw32/nios2-elf/lib/mno-hw-mul\libsmallc.a
LOAD e:/basura/nios2eds/bin/gnu/h-x86_64-mingw32/bin/../lib/gcc/nios2-elf/5.3.0/mno-hw-mul\libgcc.a
LOAD ../test_bsp/\libhal_bsp.a
LOAD e:/basura/nios2eds/bin/gnu/h-x86_64-mingw32/bin/../lib/gcc/nios2-elf/5.3.0/../../../../../H-x86_64-mingw32/nios2-elf/lib/mno-hw-mul\libm.a
END GROUP
LOAD e:/basura/nios2eds/bin/gnu/h-x86_64-mingw32/bin/../lib/gcc/nios2-elf/5.3.0/mno-hw-mul\libgcc.a
                0x0000000000000000                __alt_mem_RAM = 0x0
                0x0000000000004000                __alt_mem_ROM = 0x4000

.entry          0x0000000000004000       0x20
 *(.entry)
 .entry         0x0000000000004000       0x20 ../test_bsp//obj/HAL/src/crt0.o
                0x0000000000004000                __reset
                0x000000000000400c                _exit

.exceptions     0x0000000000004020      0x160
                0x0000000000004020                PROVIDE (__ram_exceptions_start, ABSOLUTE (.))
                0x0000000000004020                . = ALIGN (0x20)
 *(.irq)
 *(.exceptions.entry.label)
 .exceptions.entry.label
                0x0000000000004020        0x0 ../test_bsp/\libhal_bsp.a(alt_irq_entry.o)
                0x0000000000004020                alt_irq_entry
 .exceptions.entry.label
                0x0000000000004020        0x0 ../test_bsp/\libhal_bsp.a(alt_exception_entry.o)
                0x0000000000004020                alt_exception
 *(.exceptions.entry.user)
 *(.exceptions.entry.ecc_fatal)
 *(.exceptions.entry)
 .exceptions.entry
                0x0000000000004020       0x54 ../test_bsp/\libhal_bsp.a(alt_exception_entry.o)
 *(.exceptions.irqtest.user)
 *(.exceptions.irqtest)
 .exceptions.irqtest
                0x0000000000004074       0x10 ../test_bsp/\libhal_bsp.a(alt_irq_entry.o)
 *(.exceptions.irqhandler.user)
 *(.exceptions.irqhandler)
 .exceptions.irqhandler
                0x0000000000004084        0x4 ../test_bsp/\libhal_bsp.a(alt_irq_entry.o)
 *(.exceptions.irqreturn.user)
 *(.exceptions.irqreturn)
 .exceptions.irqreturn
                0x0000000000004088        0x4 ../test_bsp/\libhal_bsp.a(alt_irq_entry.o)
 *(.exceptions.notirq.label)
 .exceptions.notirq.label
                0x000000000000408c        0x0 ../test_bsp/\libhal_bsp.a(alt_irq_entry.o)
 *(.exceptions.notirq.user)
 *(.exceptions.notirq)
 .exceptions.notirq
                0x000000000000408c        0x8 ../test_bsp/\libhal_bsp.a(alt_exception_entry.o)
 *(.exceptions.soft.user)
 *(.exceptions.soft)
 *(.exceptions.unknown.user)
 *(.exceptions.unknown)
 .exceptions.unknown
                0x0000000000004094       0x14 ../test_bsp/\libhal_bsp.a(alt_exception_entry.o)
 *(.exceptions.exit.label)
 .exceptions.exit.label
                0x00000000000040a8        0x0 ../test_bsp/\libhal_bsp.a(alt_irq_entry.o)
 .exceptions.exit.label
                0x00000000000040a8        0x0 ../test_bsp/\libhal_bsp.a(alt_exception_entry.o)
 *(.exceptions.exit.user)
 *(.exceptions.exit)
 .exceptions.exit
                0x00000000000040a8       0x54 ../test_bsp/\libhal_bsp.a(alt_exception_entry.o)
 *(.exceptions)
 .exceptions    0x00000000000040fc       0x60 ../test_bsp/\libhal_bsp.a(alt_irq_handler.o)
                0x00000000000040fc                alt_irq_handler
 .exceptions    0x000000000000415c       0x24 ../test_bsp/\libhal_bsp.a(alt_instruction_exception_entry.o)
                0x000000000000415c                alt_instruction_exception_entry
                0x0000000000004180                PROVIDE (__ram_exceptions_end, ABSOLUTE (.))
                0x0000000000004020                PROVIDE (__flash_exceptions_start, LOADADDR (.exceptions))

.text           0x0000000000004180      0x42c
                [!provide]                        PROVIDE (stext, ABSOLUTE (.))
 *(.interp)
 *(.hash)
 *(.dynsym)
 *(.dynstr)
 *(.gnu.version)
 *(.gnu.version_d)
 *(.gnu.version_r)
 *(.rel.init)
 *(.rela.init)
 *(.rel.text .rel.text.* .rel.gnu.linkonce.t.*)
 *(.rela.text .rela.text.* .rela.gnu.linkonce.t.*)
 *(.rel.fini)
 *(.rela.fini)
 *(.rel.rodata .rel.rodata.* .rel.gnu.linkonce.r.*)
 *(.rela.rodata .rela.rodata.* .rela.gnu.linkonce.r.*)
 *(.rel.data .rel.data.* .rel.gnu.linkonce.d.*)
 *(.rela.data .rela.data.* .rela.gnu.linkonce.d.*)
 *(.rel.tdata .rel.tdata.* .rel.gnu.linkonce.td.*)
 *(.rela.tdata .rela.tdata.* .rela.gnu.linkonce.td.*)
 *(.rel.tbss .rel.tbss.* .rel.gnu.linkonce.tb.*)
 *(.rela.tbss .rela.tbss.* .rela.gnu.linkonce.tb.*)
 *(.rel.ctors)
 *(.rela.ctors)
 *(.rel.dtors)
 *(.rela.dtors)
 *(.rel.got)
 *(.rela.got)
 *(.rel.sdata .rel.sdata.* .rel.gnu.linkonce.s.*)
 *(.rela.sdata .rela.sdata.* .rela.gnu.linkonce.s.*)
 *(.rel.sbss .rel.sbss.* .rel.gnu.linkonce.sb.*)
 *(.rela.sbss .rela.sbss.* .rela.gnu.linkonce.sb.*)
 *(.rel.sdata2 .rel.sdata2.* .rel.gnu.linkonce.s2.*)
 *(.rela.sdata2 .rela.sdata2.* .rela.gnu.linkonce.s2.*)
 *(.rel.sbss2 .rel.sbss2.* .rel.gnu.linkonce.sb2.*)
 *(.rela.sbss2 .rela.sbss2.* .rela.gnu.linkonce.sb2.*)
 *(.rel.bss .rel.bss.* .rel.gnu.linkonce.b.*)
 *(.rela.bss .rela.bss.* .rela.gnu.linkonce.b.*)
 *(.rel.plt)
 *(.rela.plt)
 *(.rel.dyn)
 *(.init)
 *(.plt)
 *(.text .stub .text.* .gnu.linkonce.t.*)
 .text          0x0000000000004180       0x3c ../test_bsp//obj/HAL/src/crt0.o
                0x0000000000004180                _start
 .text          0x00000000000041bc      0x114 obj/default/hello_world_small.o
                0x00000000000041bc                displayShow
 .text.startup  0x00000000000042d0       0x34 obj/default/hello_world_small.o
                0x00000000000042d0                main
 .text          0x0000000000004304       0x8c ../test_bsp/\libhal_bsp.a(alt_iic.o)
                0x0000000000004304                alt_ic_isr_register
                0x0000000000004308                alt_ic_irq_enable
                0x0000000000004340                alt_ic_irq_disable
                0x0000000000004378                alt_ic_irq_enabled
 .text          0x0000000000004390       0x68 ../test_bsp/\libhal_bsp.a(alt_iic_isr_register.o)
                0x0000000000004390                alt_iic_isr_register
 .text          0x00000000000043f8        0x0 ../test_bsp/\libhal_bsp.a(alt_irq_entry.o)
 .text          0x00000000000043f8        0x0 ../test_bsp/\libhal_bsp.a(alt_irq_handler.o)
 .text          0x00000000000043f8        0x0 ../test_bsp/\libhal_bsp.a(alt_irq_vars.o)
 .text          0x00000000000043f8       0xe0 ../test_bsp/\libhal_bsp.a(alt_load.o)
                0x00000000000043f8                alt_load
 .text          0x00000000000044d8       0x2c ../test_bsp/\libhal_bsp.a(alt_main.o)
                0x00000000000044d8                alt_main
 .text          0x0000000000004504       0x24 ../test_bsp/\libhal_bsp.a(alt_sys_init.o)
                0x0000000000004504                alt_irq_init
                0x0000000000004524                alt_sys_init
 .text          0x0000000000004528        0x4 ../test_bsp/\libhal_bsp.a(alt_dcache_flush_all.o)
                0x0000000000004528                alt_dcache_flush_all
 .text          0x000000000000452c        0x0 ../test_bsp/\libhal_bsp.a(alt_exception_entry.o)
 .text          0x000000000000452c        0x4 ../test_bsp/\libhal_bsp.a(alt_icache_flush_all.o)
                0x000000000000452c                alt_icache_flush_all
 .text          0x0000000000004530       0x74 ../test_bsp/\libhal_bsp.a(alt_instruction_exception_entry.o)
                0x0000000000004530                alt_exception_cause_generated_bad_addr
 .text          0x00000000000045a4        0x8 ../test_bsp/\libhal_bsp.a(altera_nios2_gen2_irq.o)
                0x00000000000045a4                altera_nios2_gen2_irq_init
 *(.gnu.warning.*)
 *(.fini)
                [!provide]                        PROVIDE (__etext, ABSOLUTE (.))
                [!provide]                        PROVIDE (_etext, ABSOLUTE (.))
                [!provide]                        PROVIDE (etext, ABSOLUTE (.))
 *(.eh_frame_hdr)
                0x00000000000045ac                . = ALIGN (0x4)
                [!provide]                        PROVIDE (__preinit_array_start, ABSOLUTE (.))
 *(.preinit_array)
                [!provide]                        PROVIDE (__preinit_array_end, ABSOLUTE (.))
                [!provide]                        PROVIDE (__init_array_start, ABSOLUTE (.))
 *(.init_array)
                [!provide]                        PROVIDE (__init_array_end, ABSOLUTE (.))
                [!provide]                        PROVIDE (__fini_array_start, ABSOLUTE (.))
 *(.fini_array)
                [!provide]                        PROVIDE (__fini_array_end, ABSOLUTE (.))
 *(.eh_frame)
 *(.gcc_except_table .gcc_except_table.*)
 *(.dynamic)
                [!provide]                        PROVIDE (__CTOR_LIST__, ABSOLUTE (.))
 *(.ctors)
 *(SORT(.ctors.*))
                [!provide]                        PROVIDE (__CTOR_END__, ABSOLUTE (.))
                [!provide]                        PROVIDE (__DTOR_LIST__, ABSOLUTE (.))
 *(.dtors)
 *(SORT(.dtors.*))
                [!provide]                        PROVIDE (__DTOR_END__, ABSOLUTE (.))
 *(.jcr)
                0x00000000000045ac                . = ALIGN (0x4)

.rodata         0x0000000000000000        0x0 load address 0x00000000000045ac
                0x0000000000000000                PROVIDE (__ram_rodata_start, ABSOLUTE (.))
                0x0000000000000000                . = ALIGN (0x4)
 *(.rodata .rodata.* .gnu.linkonce.r.*)
 *(.rodata1)
                0x0000000000000000                . = ALIGN (0x4)
                0x0000000000000000                PROVIDE (__ram_rodata_end, ABSOLUTE (.))
                0x00000000000045ac                PROVIDE (__flash_rodata_start, LOADADDR (.rodata))

.rwdata         0x0000000000000000        0x4 load address 0x00000000000045ac
                0x0000000000000000                PROVIDE (__ram_rwdata_start, ABSOLUTE (.))
                0x0000000000000000                . = ALIGN (0x4)
 *(.got.plt)
 *(.got)
 *(.data1)
 *(.data .data.* .gnu.linkonce.d.*)
 .data          0x0000000000000000        0x0 ../test_bsp//obj/HAL/src/crt0.o
 .data          0x0000000000000000        0x0 obj/default/hello_world_small.o
 .data          0x0000000000000000        0x0 ../test_bsp/\libhal_bsp.a(alt_iic.o)
 .data          0x0000000000000000        0x0 ../test_bsp/\libhal_bsp.a(alt_iic_isr_register.o)
 .data          0x0000000000000000        0x0 ../test_bsp/\libhal_bsp.a(alt_irq_entry.o)
 .data          0x0000000000000000        0x0 ../test_bsp/\libhal_bsp.a(alt_irq_handler.o)
 .data          0x0000000000000000        0x0 ../test_bsp/\libhal_bsp.a(alt_irq_vars.o)
 .data          0x0000000000000000        0x0 ../test_bsp/\libhal_bsp.a(alt_load.o)
 .data          0x0000000000000000        0x0 ../test_bsp/\libhal_bsp.a(alt_main.o)
 .data          0x0000000000000000        0x0 ../test_bsp/\libhal_bsp.a(alt_sys_init.o)
 .data          0x0000000000000000        0x0 ../test_bsp/\libhal_bsp.a(alt_dcache_flush_all.o)
 .data          0x0000000000000000        0x0 ../test_bsp/\libhal_bsp.a(alt_exception_entry.o)
 .data          0x0000000000000000        0x0 ../test_bsp/\libhal_bsp.a(alt_icache_flush_all.o)
 .data          0x0000000000000000        0x0 ../test_bsp/\libhal_bsp.a(alt_instruction_exception_entry.o)
 .data          0x0000000000000000        0x0 ../test_bsp/\libhal_bsp.a(altera_nios2_gen2_irq.o)
                0x0000000000008000                _gp = ABSOLUTE ((. + 0x8000))
                [!provide]                        PROVIDE (gp, _gp)
 *(.rwdata .rwdata.*)
 *(.sdata .sdata.* .gnu.linkonce.s.*)
 .sdata         0x0000000000000000        0x4 ../test_bsp/\libhal_bsp.a(alt_irq_vars.o)
                0x0000000000000000                alt_priority_mask
 *(.sdata2 .sdata2.* .gnu.linkonce.s2.*)
                0x0000000000000004                . = ALIGN (0x4)
                0x0000000000000004                _edata = ABSOLUTE (.)
                [!provide]                        PROVIDE (edata, ABSOLUTE (.))
                0x0000000000000004                PROVIDE (__ram_rwdata_end, ABSOLUTE (.))
                0x00000000000045ac                PROVIDE (__flash_rwdata_start, LOADADDR (.rwdata))

.bss            0x0000000000000004      0x120 load address 0x00000000000045b0
                0x0000000000000004                __bss_start = ABSOLUTE (.)
                [!provide]                        PROVIDE (__sbss_start, ABSOLUTE (.))
                [!provide]                        PROVIDE (___sbss_start, ABSOLUTE (.))
 *(.dynsbss)
 *(.sbss .sbss.* .gnu.linkonce.sb.*)
 .sbss          0x0000000000000004        0xc obj/default/hello_world_small.o
 .sbss          0x0000000000000010        0x4 ../test_bsp/\libhal_bsp.a(alt_irq_vars.o)
                0x0000000000000010                alt_irq_active
 .sbss          0x0000000000000014        0xc ../test_bsp/\libhal_bsp.a(alt_main.o)
                0x0000000000000014                alt_envp
                0x0000000000000018                alt_argv
                0x000000000000001c                alt_argc
 .sbss          0x0000000000000020        0x4 ../test_bsp/\libhal_bsp.a(alt_instruction_exception_entry.o)
                0x0000000000000020                alt_instruction_exception_handler
 *(.sbss2 .sbss2.* .gnu.linkonce.sb2.*)
 *(.scommon)
                [!provide]                        PROVIDE (__sbss_end, ABSOLUTE (.))
                [!provide]                        PROVIDE (___sbss_end, ABSOLUTE (.))
 *(.dynbss)
 *(.bss .bss.* .gnu.linkonce.b.*)
 .bss           0x0000000000000024        0x0 ../test_bsp//obj/HAL/src/crt0.o
 .bss           0x0000000000000024        0x0 obj/default/hello_world_small.o
 .bss           0x0000000000000024        0x0 ../test_bsp/\libhal_bsp.a(alt_iic.o)
 .bss           0x0000000000000024        0x0 ../test_bsp/\libhal_bsp.a(alt_iic_isr_register.o)
 .bss           0x0000000000000024        0x0 ../test_bsp/\libhal_bsp.a(alt_irq_entry.o)
 .bss           0x0000000000000024        0x0 ../test_bsp/\libhal_bsp.a(alt_irq_handler.o)
 .bss           0x0000000000000024        0x0 ../test_bsp/\libhal_bsp.a(alt_irq_vars.o)
 .bss           0x0000000000000024        0x0 ../test_bsp/\libhal_bsp.a(alt_load.o)
 .bss           0x0000000000000024        0x0 ../test_bsp/\libhal_bsp.a(alt_main.o)
 .bss           0x0000000000000024        0x0 ../test_bsp/\libhal_bsp.a(alt_sys_init.o)
 .bss           0x0000000000000024        0x0 ../test_bsp/\libhal_bsp.a(alt_dcache_flush_all.o)
 .bss           0x0000000000000024        0x0 ../test_bsp/\libhal_bsp.a(alt_exception_entry.o)
 .bss           0x0000000000000024        0x0 ../test_bsp/\libhal_bsp.a(alt_icache_flush_all.o)
 .bss           0x0000000000000024        0x0 ../test_bsp/\libhal_bsp.a(alt_instruction_exception_entry.o)
 .bss           0x0000000000000024        0x0 ../test_bsp/\libhal_bsp.a(altera_nios2_gen2_irq.o)
 *(COMMON)
 COMMON         0x0000000000000024      0x100 ../test_bsp/\libhal_bsp.a(alt_irq_handler.o)
                0x0000000000000024                alt_irq
                0x0000000000000124                . = ALIGN (0x4)
                0x0000000000000124                __bss_end = ABSOLUTE (.)

.RAM            0x0000000000000124        0x0 load address 0x00000000000045b0
                [!provide]                        PROVIDE (_alt_partition_RAM_start, ABSOLUTE (.))
 *(.RAM .RAM. RAM.*)
                0x0000000000000124                . = ALIGN (0x4)
                [!provide]                        PROVIDE (_alt_partition_RAM_end, ABSOLUTE (.))
                0x0000000000000124                _end = ABSOLUTE (.)
                0x0000000000000124                end = ABSOLUTE (.)
                0x0000000000000124                __alt_stack_base = ABSOLUTE (.)
                [!provide]                        PROVIDE (_alt_partition_RAM_load_addr, LOADADDR (.RAM))

.ROM            0x00000000000045b0        0x0
                [!provide]                        PROVIDE (_alt_partition_ROM_start, ABSOLUTE (.))
 *(.ROM .ROM. ROM.*)
                0x00000000000045b0                . = ALIGN (0x4)
                [!provide]                        PROVIDE (_alt_partition_ROM_end, ABSOLUTE (.))
                [!provide]                        PROVIDE (_alt_partition_ROM_load_addr, LOADADDR (.ROM))

.stab
 *(.stab)

.stabstr
 *(.stabstr)

.stab.excl
 *(.stab.excl)

.stab.exclstr
 *(.stab.exclstr)

.stab.index
 *(.stab.index)

.stab.indexstr
 *(.stab.indexstr)

.comment        0x0000000000000000       0x23
 *(.comment)
 .comment       0x0000000000000000       0x23 obj/default/hello_world_small.o
                                         0x24 (size before relaxing)
 .comment       0x0000000000000023       0x24 ../test_bsp/\libhal_bsp.a(alt_iic.o)
 .comment       0x0000000000000023       0x24 ../test_bsp/\libhal_bsp.a(alt_iic_isr_register.o)
 .comment       0x0000000000000023       0x24 ../test_bsp/\libhal_bsp.a(alt_irq_handler.o)
 .comment       0x0000000000000023       0x24 ../test_bsp/\libhal_bsp.a(alt_irq_vars.o)
 .comment       0x0000000000000023       0x24 ../test_bsp/\libhal_bsp.a(alt_load.o)
 .comment       0x0000000000000023       0x24 ../test_bsp/\libhal_bsp.a(alt_main.o)
 .comment       0x0000000000000023       0x24 ../test_bsp/\libhal_bsp.a(alt_sys_init.o)
 .comment       0x0000000000000023       0x24 ../test_bsp/\libhal_bsp.a(alt_dcache_flush_all.o)
 .comment       0x0000000000000023       0x24 ../test_bsp/\libhal_bsp.a(alt_icache_flush_all.o)
 .comment       0x0000000000000023       0x24 ../test_bsp/\libhal_bsp.a(alt_instruction_exception_entry.o)
 .comment       0x0000000000000023       0x24 ../test_bsp/\libhal_bsp.a(altera_nios2_gen2_irq.o)

.debug
 *(.debug)

.line
 *(.line)

.debug_srcinfo
 *(.debug_srcinfo)

.debug_sfnames
 *(.debug_sfnames)

.debug_aranges  0x0000000000000000      0x218
 *(.debug_aranges)
 .debug_aranges
                0x0000000000000000       0x28 ../test_bsp//obj/HAL/src/crt0.o
 .debug_aranges
                0x0000000000000028       0x28 obj/default/hello_world_small.o
 .debug_aranges
                0x0000000000000050       0x20 ../test_bsp/\libhal_bsp.a(alt_iic.o)
 .debug_aranges
                0x0000000000000070       0x20 ../test_bsp/\libhal_bsp.a(alt_iic_isr_register.o)
 .debug_aranges
                0x0000000000000090       0x30 ../test_bsp/\libhal_bsp.a(alt_irq_entry.o)
 .debug_aranges
                0x00000000000000c0       0x20 ../test_bsp/\libhal_bsp.a(alt_irq_handler.o)
 .debug_aranges
                0x00000000000000e0       0x18 ../test_bsp/\libhal_bsp.a(alt_irq_vars.o)
 .debug_aranges
                0x00000000000000f8       0x20 ../test_bsp/\libhal_bsp.a(alt_load.o)
 .debug_aranges
                0x0000000000000118       0x20 ../test_bsp/\libhal_bsp.a(alt_main.o)
 .debug_aranges
                0x0000000000000138       0x20 ../test_bsp/\libhal_bsp.a(alt_sys_init.o)
 .debug_aranges
                0x0000000000000158       0x20 ../test_bsp/\libhal_bsp.a(alt_dcache_flush_all.o)
 .debug_aranges
                0x0000000000000178       0x38 ../test_bsp/\libhal_bsp.a(alt_exception_entry.o)
 .debug_aranges
                0x00000000000001b0       0x20 ../test_bsp/\libhal_bsp.a(alt_icache_flush_all.o)
 .debug_aranges
                0x00000000000001d0       0x28 ../test_bsp/\libhal_bsp.a(alt_instruction_exception_entry.o)
 .debug_aranges
                0x00000000000001f8       0x20 ../test_bsp/\libhal_bsp.a(altera_nios2_gen2_irq.o)

.debug_pubnames
 *(.debug_pubnames)

.debug_info     0x0000000000000000     0x12c9
 *(.debug_info .gnu.linkonce.wi.*)
 .debug_info    0x0000000000000000       0x6b ../test_bsp//obj/HAL/src/crt0.o
 .debug_info    0x000000000000006b      0x176 obj/default/hello_world_small.o
 .debug_info    0x00000000000001e1      0x38a ../test_bsp/\libhal_bsp.a(alt_iic.o)
 .debug_info    0x000000000000056b      0x232 ../test_bsp/\libhal_bsp.a(alt_iic_isr_register.o)
 .debug_info    0x000000000000079d       0x74 ../test_bsp/\libhal_bsp.a(alt_irq_entry.o)
 .debug_info    0x0000000000000811      0x184 ../test_bsp/\libhal_bsp.a(alt_irq_handler.o)
 .debug_info    0x0000000000000995       0x88 ../test_bsp/\libhal_bsp.a(alt_irq_vars.o)
 .debug_info    0x0000000000000a1d      0x1c9 ../test_bsp/\libhal_bsp.a(alt_load.o)
 .debug_info    0x0000000000000be6      0x169 ../test_bsp/\libhal_bsp.a(alt_main.o)
 .debug_info    0x0000000000000d4f      0x14d ../test_bsp/\libhal_bsp.a(alt_sys_init.o)
 .debug_info    0x0000000000000e9c       0x92 ../test_bsp/\libhal_bsp.a(alt_dcache_flush_all.o)
 .debug_info    0x0000000000000f2e       0x7a ../test_bsp/\libhal_bsp.a(alt_exception_entry.o)
 .debug_info    0x0000000000000fa8       0x92 ../test_bsp/\libhal_bsp.a(alt_icache_flush_all.o)
 .debug_info    0x000000000000103a      0x1fd ../test_bsp/\libhal_bsp.a(alt_instruction_exception_entry.o)
 .debug_info    0x0000000000001237       0x92 ../test_bsp/\libhal_bsp.a(altera_nios2_gen2_irq.o)

.debug_abbrev   0x0000000000000000      0xa33
 *(.debug_abbrev)
 .debug_abbrev  0x0000000000000000       0x12 ../test_bsp//obj/HAL/src/crt0.o
 .debug_abbrev  0x0000000000000012       0xf8 obj/default/hello_world_small.o
 .debug_abbrev  0x000000000000010a      0x1a0 ../test_bsp/\libhal_bsp.a(alt_iic.o)
 .debug_abbrev  0x00000000000002aa      0x19c ../test_bsp/\libhal_bsp.a(alt_iic_isr_register.o)
 .debug_abbrev  0x0000000000000446       0x12 ../test_bsp/\libhal_bsp.a(alt_irq_entry.o)
 .debug_abbrev  0x0000000000000458      0x120 ../test_bsp/\libhal_bsp.a(alt_irq_handler.o)
 .debug_abbrev  0x0000000000000578       0x40 ../test_bsp/\libhal_bsp.a(alt_irq_vars.o)
 .debug_abbrev  0x00000000000005b8       0xd8 ../test_bsp/\libhal_bsp.a(alt_load.o)
 .debug_abbrev  0x0000000000000690       0xee ../test_bsp/\libhal_bsp.a(alt_main.o)
 .debug_abbrev  0x000000000000077e       0xf6 ../test_bsp/\libhal_bsp.a(alt_sys_init.o)
 .debug_abbrev  0x0000000000000874       0x42 ../test_bsp/\libhal_bsp.a(alt_dcache_flush_all.o)
 .debug_abbrev  0x00000000000008b6       0x12 ../test_bsp/\libhal_bsp.a(alt_exception_entry.o)
 .debug_abbrev  0x00000000000008c8       0x42 ../test_bsp/\libhal_bsp.a(alt_icache_flush_all.o)
 .debug_abbrev  0x000000000000090a       0xe7 ../test_bsp/\libhal_bsp.a(alt_instruction_exception_entry.o)
 .debug_abbrev  0x00000000000009f1       0x42 ../test_bsp/\libhal_bsp.a(altera_nios2_gen2_irq.o)

.debug_line     0x0000000000000000      0x8f2
 *(.debug_line)
 .debug_line    0x0000000000000000       0x66 ../test_bsp//obj/HAL/src/crt0.o
 .debug_line    0x0000000000000066       0xc7 obj/default/hello_world_small.o
 .debug_line    0x000000000000012d       0xf1 ../test_bsp/\libhal_bsp.a(alt_iic.o)
 .debug_line    0x000000000000021e       0xd6 ../test_bsp/\libhal_bsp.a(alt_iic_isr_register.o)
 .debug_line    0x00000000000002f4       0x6b ../test_bsp/\libhal_bsp.a(alt_irq_entry.o)
 .debug_line    0x000000000000035f       0xa5 ../test_bsp/\libhal_bsp.a(alt_irq_handler.o)
 .debug_line    0x0000000000000404       0x50 ../test_bsp/\libhal_bsp.a(alt_irq_vars.o)
 .debug_line    0x0000000000000454       0xa4 ../test_bsp/\libhal_bsp.a(alt_load.o)
 .debug_line    0x00000000000004f8       0xbd ../test_bsp/\libhal_bsp.a(alt_main.o)
 .debug_line    0x00000000000005b5       0xdf ../test_bsp/\libhal_bsp.a(alt_sys_init.o)
 .debug_line    0x0000000000000694       0x4e ../test_bsp/\libhal_bsp.a(alt_dcache_flush_all.o)
 .debug_line    0x00000000000006e2       0xb3 ../test_bsp/\libhal_bsp.a(alt_exception_entry.o)
 .debug_line    0x0000000000000795       0x4e ../test_bsp/\libhal_bsp.a(alt_icache_flush_all.o)
 .debug_line    0x00000000000007e3       0xbf ../test_bsp/\libhal_bsp.a(alt_instruction_exception_entry.o)
 .debug_line    0x00000000000008a2       0x50 ../test_bsp/\libhal_bsp.a(altera_nios2_gen2_irq.o)

.debug_frame    0x0000000000000000      0x230
 *(.debug_frame)
 .debug_frame   0x0000000000000000       0x54 obj/default/hello_world_small.o
 .debug_frame   0x0000000000000054       0x50 ../test_bsp/\libhal_bsp.a(alt_iic.o)
 .debug_frame   0x00000000000000a4       0x30 ../test_bsp/\libhal_bsp.a(alt_iic_isr_register.o)
 .debug_frame   0x00000000000000d4       0x34 ../test_bsp/\libhal_bsp.a(alt_irq_handler.o)
 .debug_frame   0x0000000000000108       0x30 ../test_bsp/\libhal_bsp.a(alt_load.o)
 .debug_frame   0x0000000000000138       0x2c ../test_bsp/\libhal_bsp.a(alt_main.o)
 .debug_frame   0x0000000000000164       0x3c ../test_bsp/\libhal_bsp.a(alt_sys_init.o)
 .debug_frame   0x00000000000001a0       0x20 ../test_bsp/\libhal_bsp.a(alt_dcache_flush_all.o)
 .debug_frame   0x00000000000001c0       0x20 ../test_bsp/\libhal_bsp.a(alt_icache_flush_all.o)
 .debug_frame   0x00000000000001e0       0x30 ../test_bsp/\libhal_bsp.a(alt_instruction_exception_entry.o)
 .debug_frame   0x0000000000000210       0x20 ../test_bsp/\libhal_bsp.a(altera_nios2_gen2_irq.o)

.debug_str      0x0000000000000000      0xa15
 *(.debug_str)
 .debug_str     0x0000000000000000      0x141 obj/default/hello_world_small.o
                                        0x187 (size before relaxing)
 .debug_str     0x0000000000000141      0x141 ../test_bsp/\libhal_bsp.a(alt_iic.o)
                                        0x250 (size before relaxing)
 .debug_str     0x0000000000000282       0x37 ../test_bsp/\libhal_bsp.a(alt_iic_isr_register.o)
                                        0x20a (size before relaxing)
 .debug_str     0x00000000000002b9       0x3a ../test_bsp/\libhal_bsp.a(alt_irq_handler.o)
                                        0x194 (size before relaxing)
 .debug_str     0x00000000000002f3       0x17 ../test_bsp/\libhal_bsp.a(alt_irq_vars.o)
                                        0x137 (size before relaxing)
 .debug_str     0x000000000000030a      0x113 ../test_bsp/\libhal_bsp.a(alt_load.o)
                                        0x239 (size before relaxing)
 .debug_str     0x000000000000041d       0x8f ../test_bsp/\libhal_bsp.a(alt_main.o)
                                        0x1b2 (size before relaxing)
 .debug_str     0x00000000000004ac       0x80 ../test_bsp/\libhal_bsp.a(alt_sys_init.o)
                                        0x1f6 (size before relaxing)
 .debug_str     0x000000000000052c       0x1f ../test_bsp/\libhal_bsp.a(alt_dcache_flush_all.o)
                                        0x152 (size before relaxing)
 .debug_str     0x000000000000054b       0x1f ../test_bsp/\libhal_bsp.a(alt_icache_flush_all.o)
                                        0x152 (size before relaxing)
 .debug_str     0x000000000000056a      0x48b ../test_bsp/\libhal_bsp.a(alt_instruction_exception_entry.o)
                                        0x59d (size before relaxing)
 .debug_str     0x00000000000009f5       0x20 ../test_bsp/\libhal_bsp.a(altera_nios2_gen2_irq.o)
                                        0x159 (size before relaxing)

.debug_loc      0x0000000000000000      0x456
 *(.debug_loc)
 .debug_loc     0x0000000000000000       0x5b obj/default/hello_world_small.o
 .debug_loc     0x000000000000005b      0x170 ../test_bsp/\libhal_bsp.a(alt_iic.o)
 .debug_loc     0x00000000000001cb      0x193 ../test_bsp/\libhal_bsp.a(alt_iic_isr_register.o)
 .debug_loc     0x000000000000035e       0x72 ../test_bsp/\libhal_bsp.a(alt_irq_handler.o)
 .debug_loc     0x00000000000003d0       0x21 ../test_bsp/\libhal_bsp.a(alt_sys_init.o)
 .debug_loc     0x00000000000003f1       0x65 ../test_bsp/\libhal_bsp.a(alt_instruction_exception_entry.o)

.debug_macinfo
 *(.debug_macinfo)

.debug_weaknames
 *(.debug_weaknames)

.debug_funcnames
 *(.debug_funcnames)

.debug_typenames
 *(.debug_typenames)

.debug_varnames
 *(.debug_varnames)

.debug_alt_sim_info
                0x0000000000000000       0x10
 *(.debug_alt_sim_info)
 .debug_alt_sim_info
                0x0000000000000000       0x10 ../test_bsp//obj/HAL/src/crt0.o
                0x0000000000004000                __alt_data_end = 0x4000
                0x0000000000004000                PROVIDE (__alt_stack_pointer, __alt_data_end)
                [!provide]                        PROVIDE (__alt_stack_limit, __alt_stack_base)
                [!provide]                        PROVIDE (__alt_heap_start, end)
                [!provide]                        PROVIDE (__alt_heap_limit, 0x4000)
OUTPUT(test.elf elf32-littlenios2)

.debug_ranges   0x0000000000000000      0x100
 .debug_ranges  0x0000000000000000       0x20 ../test_bsp//obj/HAL/src/crt0.o
 .debug_ranges  0x0000000000000020       0x18 obj/default/hello_world_small.o
 .debug_ranges  0x0000000000000038       0x28 ../test_bsp/\libhal_bsp.a(alt_irq_entry.o)
 .debug_ranges  0x0000000000000060       0x10 ../test_bsp/\libhal_bsp.a(alt_irq_handler.o)
 .debug_ranges  0x0000000000000070       0x48 ../test_bsp/\libhal_bsp.a(alt_load.o)
 .debug_ranges  0x00000000000000b8       0x30 ../test_bsp/\libhal_bsp.a(alt_exception_entry.o)
 .debug_ranges  0x00000000000000e8       0x18 ../test_bsp/\libhal_bsp.a(alt_instruction_exception_entry.o)
