Archive member included to satisfy reference by file (symbol)

../led_bsp/\libhal_bsp.a(alt_iic.o)
                              obj/default/hello_world_small.o (alt_ic_isr_register)
../led_bsp/\libhal_bsp.a(alt_iic_isr_register.o)
                              ../led_bsp/\libhal_bsp.a(alt_iic.o) (alt_iic_isr_register)
../led_bsp/\libhal_bsp.a(alt_irq_entry.o)
                              ../led_bsp/\libhal_bsp.a(alt_iic_isr_register.o) (alt_irq_entry)
../led_bsp/\libhal_bsp.a(alt_irq_handler.o)
                              ../led_bsp/\libhal_bsp.a(alt_iic_isr_register.o) (alt_irq_handler)
../led_bsp/\libhal_bsp.a(alt_irq_vars.o)
                              ../led_bsp/\libhal_bsp.a(alt_iic.o) (alt_irq_active)
../led_bsp/\libhal_bsp.a(alt_load.o)
                              ../led_bsp//obj/HAL/src/crt0.o (alt_load)
../led_bsp/\libhal_bsp.a(alt_main.o)
                              ../led_bsp//obj/HAL/src/crt0.o (alt_main)
../led_bsp/\libhal_bsp.a(alt_sys_init.o)
                              ../led_bsp/\libhal_bsp.a(alt_main.o) (alt_irq_init)
../led_bsp/\libhal_bsp.a(alt_dcache_flush_all.o)
                              ../led_bsp/\libhal_bsp.a(alt_load.o) (alt_dcache_flush_all)
../led_bsp/\libhal_bsp.a(alt_exception_entry.o)
                              ../led_bsp/\libhal_bsp.a(alt_irq_entry.o) (alt_exception)
../led_bsp/\libhal_bsp.a(alt_icache_flush_all.o)
                              ../led_bsp/\libhal_bsp.a(alt_load.o) (alt_icache_flush_all)
../led_bsp/\libhal_bsp.a(alt_instruction_exception_entry.o)
                              ../led_bsp/\libhal_bsp.a(alt_exception_entry.o) (alt_instruction_exception_entry)
../led_bsp/\libhal_bsp.a(altera_nios2_gen2_irq.o)
                              ../led_bsp/\libhal_bsp.a(alt_sys_init.o) (altera_nios2_gen2_irq_init)

Allocating common symbols
Common symbol       size              file

alt_irq             0x100             ../led_bsp/\libhal_bsp.a(alt_irq_handler.o)

Memory Configuration

Name             Origin             Length             Attributes
RAM              0x0000000000000000 0x0000000000004000
reset            0x0000000000004000 0x0000000000000020
ROM              0x0000000000004020 0x0000000000000fe0
*default*        0x0000000000000000 0xffffffffffffffff

Linker script and memory map

LOAD ../led_bsp//obj/HAL/src/crt0.o
LOAD obj/default/hello_world_small.o
LOAD e:/basura/nios2eds/bin/gnu/h-x86_64-mingw32/bin/../lib/gcc/nios2-elf/5.3.0/../../../../../H-x86_64-mingw32/nios2-elf/lib/mno-hw-mul\libstdc++.a
LOAD e:/basura/nios2eds/bin/gnu/h-x86_64-mingw32/bin/../lib/gcc/nios2-elf/5.3.0/../../../../../H-x86_64-mingw32/nios2-elf/lib/mno-hw-mul\libm.a
LOAD e:/basura/nios2eds/bin/gnu/h-x86_64-mingw32/bin/../lib/gcc/nios2-elf/5.3.0/mno-hw-mul\libgcc.a
START GROUP
LOAD e:/basura/nios2eds/bin/gnu/h-x86_64-mingw32/bin/../lib/gcc/nios2-elf/5.3.0/../../../../../H-x86_64-mingw32/nios2-elf/lib/mno-hw-mul\libsmallc.a
LOAD e:/basura/nios2eds/bin/gnu/h-x86_64-mingw32/bin/../lib/gcc/nios2-elf/5.3.0/mno-hw-mul\libgcc.a
LOAD ../led_bsp/\libhal_bsp.a
LOAD e:/basura/nios2eds/bin/gnu/h-x86_64-mingw32/bin/../lib/gcc/nios2-elf/5.3.0/../../../../../H-x86_64-mingw32/nios2-elf/lib/mno-hw-mul\libm.a
END GROUP
LOAD e:/basura/nios2eds/bin/gnu/h-x86_64-mingw32/bin/../lib/gcc/nios2-elf/5.3.0/mno-hw-mul\libgcc.a
                0x0000000000000000                __alt_mem_RAM = 0x0
                0x0000000000004000                __alt_mem_ROM = 0x4000

.entry          0x0000000000004000       0x20
 *(.entry)
 .entry         0x0000000000004000       0x20 ../led_bsp//obj/HAL/src/crt0.o
                0x0000000000004000                __reset
                0x000000000000400c                _exit

.exceptions     0x0000000000004020      0x160
                0x0000000000004020                PROVIDE (__ram_exceptions_start, ABSOLUTE (.))
                0x0000000000004020                . = ALIGN (0x20)
 *(.irq)
 *(.exceptions.entry.label)
 .exceptions.entry.label
                0x0000000000004020        0x0 ../led_bsp/\libhal_bsp.a(alt_irq_entry.o)
                0x0000000000004020                alt_irq_entry
 .exceptions.entry.label
                0x0000000000004020        0x0 ../led_bsp/\libhal_bsp.a(alt_exception_entry.o)
                0x0000000000004020                alt_exception
 *(.exceptions.entry.user)
 *(.exceptions.entry.ecc_fatal)
 *(.exceptions.entry)
 .exceptions.entry
                0x0000000000004020       0x54 ../led_bsp/\libhal_bsp.a(alt_exception_entry.o)
 *(.exceptions.irqtest.user)
 *(.exceptions.irqtest)
 .exceptions.irqtest
                0x0000000000004074       0x10 ../led_bsp/\libhal_bsp.a(alt_irq_entry.o)
 *(.exceptions.irqhandler.user)
 *(.exceptions.irqhandler)
 .exceptions.irqhandler
                0x0000000000004084        0x4 ../led_bsp/\libhal_bsp.a(alt_irq_entry.o)
 *(.exceptions.irqreturn.user)
 *(.exceptions.irqreturn)
 .exceptions.irqreturn
                0x0000000000004088        0x4 ../led_bsp/\libhal_bsp.a(alt_irq_entry.o)
 *(.exceptions.notirq.label)
 .exceptions.notirq.label
                0x000000000000408c        0x0 ../led_bsp/\libhal_bsp.a(alt_irq_entry.o)
 *(.exceptions.notirq.user)
 *(.exceptions.notirq)
 .exceptions.notirq
                0x000000000000408c        0x8 ../led_bsp/\libhal_bsp.a(alt_exception_entry.o)
 *(.exceptions.soft.user)
 *(.exceptions.soft)
 *(.exceptions.unknown.user)
 *(.exceptions.unknown)
 .exceptions.unknown
                0x0000000000004094       0x14 ../led_bsp/\libhal_bsp.a(alt_exception_entry.o)
 *(.exceptions.exit.label)
 .exceptions.exit.label
                0x00000000000040a8        0x0 ../led_bsp/\libhal_bsp.a(alt_irq_entry.o)
 .exceptions.exit.label
                0x00000000000040a8        0x0 ../led_bsp/\libhal_bsp.a(alt_exception_entry.o)
 *(.exceptions.exit.user)
 *(.exceptions.exit)
 .exceptions.exit
                0x00000000000040a8       0x54 ../led_bsp/\libhal_bsp.a(alt_exception_entry.o)
 *(.exceptions)
 .exceptions    0x00000000000040fc       0x60 ../led_bsp/\libhal_bsp.a(alt_irq_handler.o)
                0x00000000000040fc                alt_irq_handler
 .exceptions    0x000000000000415c       0x24 ../led_bsp/\libhal_bsp.a(alt_instruction_exception_entry.o)
                0x000000000000415c                alt_instruction_exception_entry
                0x0000000000004180                PROVIDE (__ram_exceptions_end, ABSOLUTE (.))
                0x0000000000004020                PROVIDE (__flash_exceptions_start, LOADADDR (.exceptions))

.text           0x0000000000004180      0x348
                [!provide]                        PROVIDE (stext, ABSOLUTE (.))
 *(.interp)
 *(.hash)
 *(.dynsym)
 *(.dynstr)
 *(.gnu.version)
 *(.gnu.version_d)
 *(.gnu.version_r)
 *(.rel.init)
 *(.rela.init)
 *(.rel.text .rel.text.* .rel.gnu.linkonce.t.*)
 *(.rela.text .rela.text.* .rela.gnu.linkonce.t.*)
 *(.rel.fini)
 *(.rela.fini)
 *(.rel.rodata .rel.rodata.* .rel.gnu.linkonce.r.*)
 *(.rela.rodata .rela.rodata.* .rela.gnu.linkonce.r.*)
 *(.rel.data .rel.data.* .rel.gnu.linkonce.d.*)
 *(.rela.data .rela.data.* .rela.gnu.linkonce.d.*)
 *(.rel.tdata .rel.tdata.* .rel.gnu.linkonce.td.*)
 *(.rela.tdata .rela.tdata.* .rela.gnu.linkonce.td.*)
 *(.rel.tbss .rel.tbss.* .rel.gnu.linkonce.tb.*)
 *(.rela.tbss .rela.tbss.* .rela.gnu.linkonce.tb.*)
 *(.rel.ctors)
 *(.rela.ctors)
 *(.rel.dtors)
 *(.rela.dtors)
 *(.rel.got)
 *(.rela.got)
 *(.rel.sdata .rel.sdata.* .rel.gnu.linkonce.s.*)
 *(.rela.sdata .rela.sdata.* .rela.gnu.linkonce.s.*)
 *(.rel.sbss .rel.sbss.* .rel.gnu.linkonce.sb.*)
 *(.rela.sbss .rela.sbss.* .rela.gnu.linkonce.sb.*)
 *(.rel.sdata2 .rel.sdata2.* .rel.gnu.linkonce.s2.*)
 *(.rela.sdata2 .rela.sdata2.* .rela.gnu.linkonce.s2.*)
 *(.rel.sbss2 .rel.sbss2.* .rel.gnu.linkonce.sb2.*)
 *(.rela.sbss2 .rela.sbss2.* .rela.gnu.linkonce.sb2.*)
 *(.rel.bss .rel.bss.* .rel.gnu.linkonce.b.*)
 *(.rela.bss .rela.bss.* .rela.gnu.linkonce.b.*)
 *(.rel.plt)
 *(.rela.plt)
 *(.rel.dyn)
 *(.init)
 *(.plt)
 *(.text .stub .text.* .gnu.linkonce.t.*)
 .text          0x0000000000004180       0x3c ../led_bsp//obj/HAL/src/crt0.o
                0x0000000000004180                _start
 .text          0x00000000000041bc       0x30 obj/default/hello_world_small.o
 .text.startup  0x00000000000041ec       0x34 obj/default/hello_world_small.o
                0x00000000000041ec                main
 .text          0x0000000000004220       0x8c ../led_bsp/\libhal_bsp.a(alt_iic.o)
                0x0000000000004220                alt_ic_isr_register
                0x0000000000004224                alt_ic_irq_enable
                0x000000000000425c                alt_ic_irq_disable
                0x0000000000004294                alt_ic_irq_enabled
 .text          0x00000000000042ac       0x68 ../led_bsp/\libhal_bsp.a(alt_iic_isr_register.o)
                0x00000000000042ac                alt_iic_isr_register
 .text          0x0000000000004314        0x0 ../led_bsp/\libhal_bsp.a(alt_irq_entry.o)
 .text          0x0000000000004314        0x0 ../led_bsp/\libhal_bsp.a(alt_irq_handler.o)
 .text          0x0000000000004314        0x0 ../led_bsp/\libhal_bsp.a(alt_irq_vars.o)
 .text          0x0000000000004314       0xe0 ../led_bsp/\libhal_bsp.a(alt_load.o)
                0x0000000000004314                alt_load
 .text          0x00000000000043f4       0x2c ../led_bsp/\libhal_bsp.a(alt_main.o)
                0x00000000000043f4                alt_main
 .text          0x0000000000004420       0x24 ../led_bsp/\libhal_bsp.a(alt_sys_init.o)
                0x0000000000004420                alt_irq_init
                0x0000000000004440                alt_sys_init
 .text          0x0000000000004444        0x4 ../led_bsp/\libhal_bsp.a(alt_dcache_flush_all.o)
                0x0000000000004444                alt_dcache_flush_all
 .text          0x0000000000004448        0x0 ../led_bsp/\libhal_bsp.a(alt_exception_entry.o)
 .text          0x0000000000004448        0x4 ../led_bsp/\libhal_bsp.a(alt_icache_flush_all.o)
                0x0000000000004448                alt_icache_flush_all
 .text          0x000000000000444c       0x74 ../led_bsp/\libhal_bsp.a(alt_instruction_exception_entry.o)
                0x000000000000444c                alt_exception_cause_generated_bad_addr
 .text          0x00000000000044c0        0x8 ../led_bsp/\libhal_bsp.a(altera_nios2_gen2_irq.o)
                0x00000000000044c0                altera_nios2_gen2_irq_init
 *(.gnu.warning.*)
 *(.fini)
                [!provide]                        PROVIDE (__etext, ABSOLUTE (.))
                [!provide]                        PROVIDE (_etext, ABSOLUTE (.))
                [!provide]                        PROVIDE (etext, ABSOLUTE (.))
 *(.eh_frame_hdr)
                0x00000000000044c8                . = ALIGN (0x4)
                [!provide]                        PROVIDE (__preinit_array_start, ABSOLUTE (.))
 *(.preinit_array)
                [!provide]                        PROVIDE (__preinit_array_end, ABSOLUTE (.))
                [!provide]                        PROVIDE (__init_array_start, ABSOLUTE (.))
 *(.init_array)
                [!provide]                        PROVIDE (__init_array_end, ABSOLUTE (.))
                [!provide]                        PROVIDE (__fini_array_start, ABSOLUTE (.))
 *(.fini_array)
                [!provide]                        PROVIDE (__fini_array_end, ABSOLUTE (.))
 *(.eh_frame)
 *(.gcc_except_table .gcc_except_table.*)
 *(.dynamic)
                [!provide]                        PROVIDE (__CTOR_LIST__, ABSOLUTE (.))
 *(.ctors)
 *(SORT(.ctors.*))
                [!provide]                        PROVIDE (__CTOR_END__, ABSOLUTE (.))
                [!provide]                        PROVIDE (__DTOR_LIST__, ABSOLUTE (.))
 *(.dtors)
 *(SORT(.dtors.*))
                [!provide]                        PROVIDE (__DTOR_END__, ABSOLUTE (.))
 *(.jcr)
                0x00000000000044c8                . = ALIGN (0x4)

.rodata         0x0000000000000000        0x0 load address 0x00000000000044c8
                0x0000000000000000                PROVIDE (__ram_rodata_start, ABSOLUTE (.))
                0x0000000000000000                . = ALIGN (0x4)
 *(.rodata .rodata.* .gnu.linkonce.r.*)
 *(.rodata1)
                0x0000000000000000                . = ALIGN (0x4)
                0x0000000000000000                PROVIDE (__ram_rodata_end, ABSOLUTE (.))
                0x00000000000044c8                PROVIDE (__flash_rodata_start, LOADADDR (.rodata))

.rwdata         0x0000000000000000        0x4 load address 0x00000000000044c8
                0x0000000000000000                PROVIDE (__ram_rwdata_start, ABSOLUTE (.))
                0x0000000000000000                . = ALIGN (0x4)
 *(.got.plt)
 *(.got)
 *(.data1)
 *(.data .data.* .gnu.linkonce.d.*)
 .data          0x0000000000000000        0x0 ../led_bsp//obj/HAL/src/crt0.o
 .data          0x0000000000000000        0x0 obj/default/hello_world_small.o
 .data          0x0000000000000000        0x0 ../led_bsp/\libhal_bsp.a(alt_iic.o)
 .data          0x0000000000000000        0x0 ../led_bsp/\libhal_bsp.a(alt_iic_isr_register.o)
 .data          0x0000000000000000        0x0 ../led_bsp/\libhal_bsp.a(alt_irq_entry.o)
 .data          0x0000000000000000        0x0 ../led_bsp/\libhal_bsp.a(alt_irq_handler.o)
 .data          0x0000000000000000        0x0 ../led_bsp/\libhal_bsp.a(alt_irq_vars.o)
 .data          0x0000000000000000        0x0 ../led_bsp/\libhal_bsp.a(alt_load.o)
 .data          0x0000000000000000        0x0 ../led_bsp/\libhal_bsp.a(alt_main.o)
 .data          0x0000000000000000        0x0 ../led_bsp/\libhal_bsp.a(alt_sys_init.o)
 .data          0x0000000000000000        0x0 ../led_bsp/\libhal_bsp.a(alt_dcache_flush_all.o)
 .data          0x0000000000000000        0x0 ../led_bsp/\libhal_bsp.a(alt_exception_entry.o)
 .data          0x0000000000000000        0x0 ../led_bsp/\libhal_bsp.a(alt_icache_flush_all.o)
 .data          0x0000000000000000        0x0 ../led_bsp/\libhal_bsp.a(alt_instruction_exception_entry.o)
 .data          0x0000000000000000        0x0 ../led_bsp/\libhal_bsp.a(altera_nios2_gen2_irq.o)
                0x0000000000008000                _gp = ABSOLUTE ((. + 0x8000))
                [!provide]                        PROVIDE (gp, _gp)
 *(.rwdata .rwdata.*)
 *(.sdata .sdata.* .gnu.linkonce.s.*)
 .sdata         0x0000000000000000        0x4 ../led_bsp/\libhal_bsp.a(alt_irq_vars.o)
                0x0000000000000000                alt_priority_mask
 *(.sdata2 .sdata2.* .gnu.linkonce.s2.*)
                0x0000000000000004                . = ALIGN (0x4)
                0x0000000000000004                _edata = ABSOLUTE (.)
                [!provide]                        PROVIDE (edata, ABSOLUTE (.))
                0x0000000000000004                PROVIDE (__ram_rwdata_end, ABSOLUTE (.))
                0x00000000000044c8                PROVIDE (__flash_rwdata_start, LOADADDR (.rwdata))

.bss            0x0000000000000004      0x118 load address 0x00000000000044cc
                0x0000000000000004                __bss_start = ABSOLUTE (.)
                [!provide]                        PROVIDE (__sbss_start, ABSOLUTE (.))
                [!provide]                        PROVIDE (___sbss_start, ABSOLUTE (.))
 *(.dynsbss)
 *(.sbss .sbss.* .gnu.linkonce.sb.*)
 .sbss          0x0000000000000004        0x4 obj/default/hello_world_small.o
 .sbss          0x0000000000000008        0x4 ../led_bsp/\libhal_bsp.a(alt_irq_vars.o)
                0x0000000000000008                alt_irq_active
 .sbss          0x000000000000000c        0xc ../led_bsp/\libhal_bsp.a(alt_main.o)
                0x000000000000000c                alt_envp
                0x0000000000000010                alt_argv
                0x0000000000000014                alt_argc
 .sbss          0x0000000000000018        0x4 ../led_bsp/\libhal_bsp.a(alt_instruction_exception_entry.o)
                0x0000000000000018                alt_instruction_exception_handler
 *(.sbss2 .sbss2.* .gnu.linkonce.sb2.*)
 *(.scommon)
                [!provide]                        PROVIDE (__sbss_end, ABSOLUTE (.))
                [!provide]                        PROVIDE (___sbss_end, ABSOLUTE (.))
 *(.dynbss)
 *(.bss .bss.* .gnu.linkonce.b.*)
 .bss           0x000000000000001c        0x0 ../led_bsp//obj/HAL/src/crt0.o
 .bss           0x000000000000001c        0x0 obj/default/hello_world_small.o
 .bss           0x000000000000001c        0x0 ../led_bsp/\libhal_bsp.a(alt_iic.o)
 .bss           0x000000000000001c        0x0 ../led_bsp/\libhal_bsp.a(alt_iic_isr_register.o)
 .bss           0x000000000000001c        0x0 ../led_bsp/\libhal_bsp.a(alt_irq_entry.o)
 .bss           0x000000000000001c        0x0 ../led_bsp/\libhal_bsp.a(alt_irq_handler.o)
 .bss           0x000000000000001c        0x0 ../led_bsp/\libhal_bsp.a(alt_irq_vars.o)
 .bss           0x000000000000001c        0x0 ../led_bsp/\libhal_bsp.a(alt_load.o)
 .bss           0x000000000000001c        0x0 ../led_bsp/\libhal_bsp.a(alt_main.o)
 .bss           0x000000000000001c        0x0 ../led_bsp/\libhal_bsp.a(alt_sys_init.o)
 .bss           0x000000000000001c        0x0 ../led_bsp/\libhal_bsp.a(alt_dcache_flush_all.o)
 .bss           0x000000000000001c        0x0 ../led_bsp/\libhal_bsp.a(alt_exception_entry.o)
 .bss           0x000000000000001c        0x0 ../led_bsp/\libhal_bsp.a(alt_icache_flush_all.o)
 .bss           0x000000000000001c        0x0 ../led_bsp/\libhal_bsp.a(alt_instruction_exception_entry.o)
 .bss           0x000000000000001c        0x0 ../led_bsp/\libhal_bsp.a(altera_nios2_gen2_irq.o)
 *(COMMON)
 COMMON         0x000000000000001c      0x100 ../led_bsp/\libhal_bsp.a(alt_irq_handler.o)
                0x000000000000001c                alt_irq
                0x000000000000011c                . = ALIGN (0x4)
                0x000000000000011c                __bss_end = ABSOLUTE (.)

.RAM            0x000000000000011c        0x0 load address 0x00000000000044cc
                [!provide]                        PROVIDE (_alt_partition_RAM_start, ABSOLUTE (.))
 *(.RAM .RAM. RAM.*)
                0x000000000000011c                . = ALIGN (0x4)
                [!provide]                        PROVIDE (_alt_partition_RAM_end, ABSOLUTE (.))
                0x000000000000011c                _end = ABSOLUTE (.)
                0x000000000000011c                end = ABSOLUTE (.)
                0x000000000000011c                __alt_stack_base = ABSOLUTE (.)
                [!provide]                        PROVIDE (_alt_partition_RAM_load_addr, LOADADDR (.RAM))

.ROM            0x00000000000044cc        0x0
                [!provide]                        PROVIDE (_alt_partition_ROM_start, ABSOLUTE (.))
 *(.ROM .ROM. ROM.*)
                0x00000000000044cc                . = ALIGN (0x4)
                [!provide]                        PROVIDE (_alt_partition_ROM_end, ABSOLUTE (.))
                [!provide]                        PROVIDE (_alt_partition_ROM_load_addr, LOADADDR (.ROM))

.stab
 *(.stab)

.stabstr
 *(.stabstr)

.stab.excl
 *(.stab.excl)

.stab.exclstr
 *(.stab.exclstr)

.stab.index
 *(.stab.index)

.stab.indexstr
 *(.stab.indexstr)

.comment        0x0000000000000000       0x23
 *(.comment)
 .comment       0x0000000000000000       0x23 obj/default/hello_world_small.o
                                         0x24 (size before relaxing)
 .comment       0x0000000000000023       0x24 ../led_bsp/\libhal_bsp.a(alt_iic.o)
 .comment       0x0000000000000023       0x24 ../led_bsp/\libhal_bsp.a(alt_iic_isr_register.o)
 .comment       0x0000000000000023       0x24 ../led_bsp/\libhal_bsp.a(alt_irq_handler.o)
 .comment       0x0000000000000023       0x24 ../led_bsp/\libhal_bsp.a(alt_irq_vars.o)
 .comment       0x0000000000000023       0x24 ../led_bsp/\libhal_bsp.a(alt_load.o)
 .comment       0x0000000000000023       0x24 ../led_bsp/\libhal_bsp.a(alt_main.o)
 .comment       0x0000000000000023       0x24 ../led_bsp/\libhal_bsp.a(alt_sys_init.o)
 .comment       0x0000000000000023       0x24 ../led_bsp/\libhal_bsp.a(alt_dcache_flush_all.o)
 .comment       0x0000000000000023       0x24 ../led_bsp/\libhal_bsp.a(alt_icache_flush_all.o)
 .comment       0x0000000000000023       0x24 ../led_bsp/\libhal_bsp.a(alt_instruction_exception_entry.o)
 .comment       0x0000000000000023       0x24 ../led_bsp/\libhal_bsp.a(altera_nios2_gen2_irq.o)

.debug
 *(.debug)

.line
 *(.line)

.debug_srcinfo
 *(.debug_srcinfo)

.debug_sfnames
 *(.debug_sfnames)

.debug_aranges  0x0000000000000000      0x218
 *(.debug_aranges)
 .debug_aranges
                0x0000000000000000       0x28 ../led_bsp//obj/HAL/src/crt0.o
 .debug_aranges
                0x0000000000000028       0x28 obj/default/hello_world_small.o
 .debug_aranges
                0x0000000000000050       0x20 ../led_bsp/\libhal_bsp.a(alt_iic.o)
 .debug_aranges
                0x0000000000000070       0x20 ../led_bsp/\libhal_bsp.a(alt_iic_isr_register.o)
 .debug_aranges
                0x0000000000000090       0x30 ../led_bsp/\libhal_bsp.a(alt_irq_entry.o)
 .debug_aranges
                0x00000000000000c0       0x20 ../led_bsp/\libhal_bsp.a(alt_irq_handler.o)
 .debug_aranges
                0x00000000000000e0       0x18 ../led_bsp/\libhal_bsp.a(alt_irq_vars.o)
 .debug_aranges
                0x00000000000000f8       0x20 ../led_bsp/\libhal_bsp.a(alt_load.o)
 .debug_aranges
                0x0000000000000118       0x20 ../led_bsp/\libhal_bsp.a(alt_main.o)
 .debug_aranges
                0x0000000000000138       0x20 ../led_bsp/\libhal_bsp.a(alt_sys_init.o)
 .debug_aranges
                0x0000000000000158       0x20 ../led_bsp/\libhal_bsp.a(alt_dcache_flush_all.o)
 .debug_aranges
                0x0000000000000178       0x38 ../led_bsp/\libhal_bsp.a(alt_exception_entry.o)
 .debug_aranges
                0x00000000000001b0       0x20 ../led_bsp/\libhal_bsp.a(alt_icache_flush_all.o)
 .debug_aranges
                0x00000000000001d0       0x28 ../led_bsp/\libhal_bsp.a(alt_instruction_exception_entry.o)
 .debug_aranges
                0x00000000000001f8       0x20 ../led_bsp/\libhal_bsp.a(altera_nios2_gen2_irq.o)

.debug_pubnames
 *(.debug_pubnames)

.debug_info     0x0000000000000000     0x1253
 *(.debug_info .gnu.linkonce.wi.*)
 .debug_info    0x0000000000000000       0x66 ../led_bsp//obj/HAL/src/crt0.o
 .debug_info    0x0000000000000066      0x10f obj/default/hello_world_small.o
 .debug_info    0x0000000000000175      0x38a ../led_bsp/\libhal_bsp.a(alt_iic.o)
 .debug_info    0x00000000000004ff      0x232 ../led_bsp/\libhal_bsp.a(alt_iic_isr_register.o)
 .debug_info    0x0000000000000731       0x6f ../led_bsp/\libhal_bsp.a(alt_irq_entry.o)
 .debug_info    0x00000000000007a0      0x184 ../led_bsp/\libhal_bsp.a(alt_irq_handler.o)
 .debug_info    0x0000000000000924       0x88 ../led_bsp/\libhal_bsp.a(alt_irq_vars.o)
 .debug_info    0x00000000000009ac      0x1c9 ../led_bsp/\libhal_bsp.a(alt_load.o)
 .debug_info    0x0000000000000b75      0x169 ../led_bsp/\libhal_bsp.a(alt_main.o)
 .debug_info    0x0000000000000cde      0x14d ../led_bsp/\libhal_bsp.a(alt_sys_init.o)
 .debug_info    0x0000000000000e2b       0x92 ../led_bsp/\libhal_bsp.a(alt_dcache_flush_all.o)
 .debug_info    0x0000000000000ebd       0x75 ../led_bsp/\libhal_bsp.a(alt_exception_entry.o)
 .debug_info    0x0000000000000f32       0x92 ../led_bsp/\libhal_bsp.a(alt_icache_flush_all.o)
 .debug_info    0x0000000000000fc4      0x1fd ../led_bsp/\libhal_bsp.a(alt_instruction_exception_entry.o)
 .debug_info    0x00000000000011c1       0x92 ../led_bsp/\libhal_bsp.a(altera_nios2_gen2_irq.o)

.debug_abbrev   0x0000000000000000      0x9f4
 *(.debug_abbrev)
 .debug_abbrev  0x0000000000000000       0x12 ../led_bsp//obj/HAL/src/crt0.o
 .debug_abbrev  0x0000000000000012       0xb9 obj/default/hello_world_small.o
 .debug_abbrev  0x00000000000000cb      0x1a0 ../led_bsp/\libhal_bsp.a(alt_iic.o)
 .debug_abbrev  0x000000000000026b      0x19c ../led_bsp/\libhal_bsp.a(alt_iic_isr_register.o)
 .debug_abbrev  0x0000000000000407       0x12 ../led_bsp/\libhal_bsp.a(alt_irq_entry.o)
 .debug_abbrev  0x0000000000000419      0x120 ../led_bsp/\libhal_bsp.a(alt_irq_handler.o)
 .debug_abbrev  0x0000000000000539       0x40 ../led_bsp/\libhal_bsp.a(alt_irq_vars.o)
 .debug_abbrev  0x0000000000000579       0xd8 ../led_bsp/\libhal_bsp.a(alt_load.o)
 .debug_abbrev  0x0000000000000651       0xee ../led_bsp/\libhal_bsp.a(alt_main.o)
 .debug_abbrev  0x000000000000073f       0xf6 ../led_bsp/\libhal_bsp.a(alt_sys_init.o)
 .debug_abbrev  0x0000000000000835       0x42 ../led_bsp/\libhal_bsp.a(alt_dcache_flush_all.o)
 .debug_abbrev  0x0000000000000877       0x12 ../led_bsp/\libhal_bsp.a(alt_exception_entry.o)
 .debug_abbrev  0x0000000000000889       0x42 ../led_bsp/\libhal_bsp.a(alt_icache_flush_all.o)
 .debug_abbrev  0x00000000000008cb       0xe7 ../led_bsp/\libhal_bsp.a(alt_instruction_exception_entry.o)
 .debug_abbrev  0x00000000000009b2       0x42 ../led_bsp/\libhal_bsp.a(altera_nios2_gen2_irq.o)

.debug_line     0x0000000000000000      0x8cc
 *(.debug_line)
 .debug_line    0x0000000000000000       0x66 ../led_bsp//obj/HAL/src/crt0.o
 .debug_line    0x0000000000000066       0xa1 obj/default/hello_world_small.o
 .debug_line    0x0000000000000107       0xf1 ../led_bsp/\libhal_bsp.a(alt_iic.o)
 .debug_line    0x00000000000001f8       0xd6 ../led_bsp/\libhal_bsp.a(alt_iic_isr_register.o)
 .debug_line    0x00000000000002ce       0x6b ../led_bsp/\libhal_bsp.a(alt_irq_entry.o)
 .debug_line    0x0000000000000339       0xa5 ../led_bsp/\libhal_bsp.a(alt_irq_handler.o)
 .debug_line    0x00000000000003de       0x50 ../led_bsp/\libhal_bsp.a(alt_irq_vars.o)
 .debug_line    0x000000000000042e       0xa4 ../led_bsp/\libhal_bsp.a(alt_load.o)
 .debug_line    0x00000000000004d2       0xbd ../led_bsp/\libhal_bsp.a(alt_main.o)
 .debug_line    0x000000000000058f       0xdf ../led_bsp/\libhal_bsp.a(alt_sys_init.o)
 .debug_line    0x000000000000066e       0x4e ../led_bsp/\libhal_bsp.a(alt_dcache_flush_all.o)
 .debug_line    0x00000000000006bc       0xb3 ../led_bsp/\libhal_bsp.a(alt_exception_entry.o)
 .debug_line    0x000000000000076f       0x4e ../led_bsp/\libhal_bsp.a(alt_icache_flush_all.o)
 .debug_line    0x00000000000007bd       0xbf ../led_bsp/\libhal_bsp.a(alt_instruction_exception_entry.o)
 .debug_line    0x000000000000087c       0x50 ../led_bsp/\libhal_bsp.a(altera_nios2_gen2_irq.o)

.debug_frame    0x0000000000000000      0x214
 *(.debug_frame)
 .debug_frame   0x0000000000000000       0x38 obj/default/hello_world_small.o
 .debug_frame   0x0000000000000038       0x50 ../led_bsp/\libhal_bsp.a(alt_iic.o)
 .debug_frame   0x0000000000000088       0x30 ../led_bsp/\libhal_bsp.a(alt_iic_isr_register.o)
 .debug_frame   0x00000000000000b8       0x34 ../led_bsp/\libhal_bsp.a(alt_irq_handler.o)
 .debug_frame   0x00000000000000ec       0x30 ../led_bsp/\libhal_bsp.a(alt_load.o)
 .debug_frame   0x000000000000011c       0x2c ../led_bsp/\libhal_bsp.a(alt_main.o)
 .debug_frame   0x0000000000000148       0x3c ../led_bsp/\libhal_bsp.a(alt_sys_init.o)
 .debug_frame   0x0000000000000184       0x20 ../led_bsp/\libhal_bsp.a(alt_dcache_flush_all.o)
 .debug_frame   0x00000000000001a4       0x20 ../led_bsp/\libhal_bsp.a(alt_icache_flush_all.o)
 .debug_frame   0x00000000000001c4       0x30 ../led_bsp/\libhal_bsp.a(alt_instruction_exception_entry.o)
 .debug_frame   0x00000000000001f4       0x20 ../led_bsp/\libhal_bsp.a(altera_nios2_gen2_irq.o)

.debug_str      0x0000000000000000      0x9e9
 *(.debug_str)
 .debug_str     0x0000000000000000      0x11a obj/default/hello_world_small.o
                                        0x160 (size before relaxing)
 .debug_str     0x000000000000011a      0x13c ../led_bsp/\libhal_bsp.a(alt_iic.o)
                                        0x24b (size before relaxing)
 .debug_str     0x0000000000000256       0x37 ../led_bsp/\libhal_bsp.a(alt_iic_isr_register.o)
                                        0x205 (size before relaxing)
 .debug_str     0x000000000000028d       0x3a ../led_bsp/\libhal_bsp.a(alt_irq_handler.o)
                                        0x18f (size before relaxing)
 .debug_str     0x00000000000002c7       0x17 ../led_bsp/\libhal_bsp.a(alt_irq_vars.o)
                                        0x132 (size before relaxing)
 .debug_str     0x00000000000002de      0x113 ../led_bsp/\libhal_bsp.a(alt_load.o)
                                        0x234 (size before relaxing)
 .debug_str     0x00000000000003f1       0x8f ../led_bsp/\libhal_bsp.a(alt_main.o)
                                        0x1ad (size before relaxing)
 .debug_str     0x0000000000000480       0x80 ../led_bsp/\libhal_bsp.a(alt_sys_init.o)
                                        0x1f1 (size before relaxing)
 .debug_str     0x0000000000000500       0x1f ../led_bsp/\libhal_bsp.a(alt_dcache_flush_all.o)
                                        0x14d (size before relaxing)
 .debug_str     0x000000000000051f       0x1f ../led_bsp/\libhal_bsp.a(alt_icache_flush_all.o)
                                        0x14d (size before relaxing)
 .debug_str     0x000000000000053e      0x48b ../led_bsp/\libhal_bsp.a(alt_instruction_exception_entry.o)
                                        0x598 (size before relaxing)
 .debug_str     0x00000000000009c9       0x20 ../led_bsp/\libhal_bsp.a(altera_nios2_gen2_irq.o)
                                        0x154 (size before relaxing)

.debug_loc      0x0000000000000000      0x3fb
 *(.debug_loc)
 .debug_loc     0x0000000000000000      0x170 ../led_bsp/\libhal_bsp.a(alt_iic.o)
 .debug_loc     0x0000000000000170      0x193 ../led_bsp/\libhal_bsp.a(alt_iic_isr_register.o)
 .debug_loc     0x0000000000000303       0x72 ../led_bsp/\libhal_bsp.a(alt_irq_handler.o)
 .debug_loc     0x0000000000000375       0x21 ../led_bsp/\libhal_bsp.a(alt_sys_init.o)
 .debug_loc     0x0000000000000396       0x65 ../led_bsp/\libhal_bsp.a(alt_instruction_exception_entry.o)

.debug_macinfo
 *(.debug_macinfo)

.debug_weaknames
 *(.debug_weaknames)

.debug_funcnames
 *(.debug_funcnames)

.debug_typenames
 *(.debug_typenames)

.debug_varnames
 *(.debug_varnames)

.debug_alt_sim_info
                0x0000000000000000       0x10
 *(.debug_alt_sim_info)
 .debug_alt_sim_info
                0x0000000000000000       0x10 ../led_bsp//obj/HAL/src/crt0.o
                0x0000000000004000                __alt_data_end = 0x4000
                0x0000000000004000                PROVIDE (__alt_stack_pointer, __alt_data_end)
                [!provide]                        PROVIDE (__alt_stack_limit, __alt_stack_base)
                [!provide]                        PROVIDE (__alt_heap_start, end)
                [!provide]                        PROVIDE (__alt_heap_limit, 0x4000)
OUTPUT(led.elf elf32-littlenios2)

.debug_ranges   0x0000000000000000      0x100
 .debug_ranges  0x0000000000000000       0x20 ../led_bsp//obj/HAL/src/crt0.o
 .debug_ranges  0x0000000000000020       0x18 obj/default/hello_world_small.o
 .debug_ranges  0x0000000000000038       0x28 ../led_bsp/\libhal_bsp.a(alt_irq_entry.o)
 .debug_ranges  0x0000000000000060       0x10 ../led_bsp/\libhal_bsp.a(alt_irq_handler.o)
 .debug_ranges  0x0000000000000070       0x48 ../led_bsp/\libhal_bsp.a(alt_load.o)
 .debug_ranges  0x00000000000000b8       0x30 ../led_bsp/\libhal_bsp.a(alt_exception_entry.o)
 .debug_ranges  0x00000000000000e8       0x18 ../led_bsp/\libhal_bsp.a(alt_instruction_exception_entry.o)
